LOG: 2025/07/11 15:23:55 server started! address: localhost:8080
LOG: 2025/07/11 15:24:12 http: panic serving 127.0.0.1:60228: runtime error: invalid memory address or nil pointer dereference
goroutine 8 [running]:
net/http.(*conn).serve.func1()
	/home/deck/Desktop/go/src/net/http/server.go:1947 +0xbe
panic({0x6c6280?, 0x9846f0?})
	/home/deck/Desktop/go/src/runtime/panic.go:792 +0x132
io.ReadAll({0x0, 0x0})
	/home/deck/Desktop/go/src/io/io.go:712 +0x4d
github.com/Yandex-Practicum/go1fl-sprint6-final/internal/handlers.PostUpload({0x78c4a8, 0xc00013e000}, 0xc0001243c0)
	/home/deck/Desktop/study_go/Yandex/go1fl-sprint6-final-tpl/internal/handlers/handlers.go:64 +0x3e6
net/http.HandlerFunc.ServeHTTP(0xc000142000?, {0x78c4a8?, 0xc00013e000?}, 0xc000126005?)
	/home/deck/Desktop/go/src/net/http/server.go:2294 +0x29
github.com/go-chi/chi/v5.(*Mux).routeHTTP(0xc00007e300, {0x78c4a8, 0xc00013e000}, 0xc0001243c0)
	/home/deck/Desktop/go_projects/pkg/mod/github.com/go-chi/chi/v5@v5.2.2/mux.go:478 +0x2e2
net/http.HandlerFunc.ServeHTTP(0x78c928?, {0x78c4a8?, 0xc00013e000?}, 0x984570?)
	/home/deck/Desktop/go/src/net/http/server.go:2294 +0x29
github.com/go-chi/chi/v5.(*Mux).ServeHTTP(0xc00007e300, {0x78c4a8, 0xc00013e000}, 0xc000124140)
	/home/deck/Desktop/go_projects/pkg/mod/github.com/go-chi/chi/v5@v5.2.2/mux.go:90 +0x2ee
net/http.serverHandler.ServeHTTP({0x78b3a0?}, {0x78c4a8?, 0xc00013e000?}, 0x6?)
	/home/deck/Desktop/go/src/net/http/server.go:3301 +0x8e
net/http.(*conn).serve(0xc0000d0360, {0x78c8f0, 0xc000097320})
	/home/deck/Desktop/go/src/net/http/server.go:2102 +0x625
created by net/http.(*Server).Serve in goroutine 7
	/home/deck/Desktop/go/src/net/http/server.go:3454 +0x485
LOG: 2025/07/11 15:24:12 http: panic serving 127.0.0.1:60234: runtime error: invalid memory address or nil pointer dereference
goroutine 10 [running]:
net/http.(*conn).serve.func1()
	/home/deck/Desktop/go/src/net/http/server.go:1947 +0xbe
panic({0x6c6280?, 0x9846f0?})
	/home/deck/Desktop/go/src/runtime/panic.go:792 +0x132
io.ReadAll({0x0, 0x0})
	/home/deck/Desktop/go/src/io/io.go:712 +0x4d
github.com/Yandex-Practicum/go1fl-sprint6-final/internal/handlers.PostUpload({0x78c4a8, 0xc00013e0e0}, 0xc000124640)
	/home/deck/Desktop/study_go/Yandex/go1fl-sprint6-final-tpl/internal/handlers/handlers.go:64 +0x3e6
net/http.HandlerFunc.ServeHTTP(0xc0001420f0?, {0x78c4a8?, 0xc00013e0e0?}, 0xc0001260c5?)
	/home/deck/Desktop/go/src/net/http/server.go:2294 +0x29
github.com/go-chi/chi/v5.(*Mux).routeHTTP(0xc00007e300, {0x78c4a8, 0xc00013e0e0}, 0xc000124640)
	/home/deck/Desktop/go_projects/pkg/mod/github.com/go-chi/chi/v5@v5.2.2/mux.go:478 +0x2e2
net/http.HandlerFunc.ServeHTTP(0x78c928?, {0x78c4a8?, 0xc00013e0e0?}, 0x984570?)
	/home/deck/Desktop/go/src/net/http/server.go:2294 +0x29
github.com/go-chi/chi/v5.(*Mux).ServeHTTP(0xc00007e300, {0x78c4a8, 0xc00013e0e0}, 0xc000124000)
	/home/deck/Desktop/go_projects/pkg/mod/github.com/go-chi/chi/v5@v5.2.2/mux.go:90 +0x2ee
net/http.serverHandler.ServeHTTP({0x78b3a0?}, {0x78c4a8?, 0xc00013e0e0?}, 0x6?)
	/home/deck/Desktop/go/src/net/http/server.go:3301 +0x8e
net/http.(*conn).serve(0xc0000d0510, {0x78c8f0, 0xc000097320})
	/home/deck/Desktop/go/src/net/http/server.go:2102 +0x625
created by net/http.(*Server).Serve in goroutine 7
	/home/deck/Desktop/go/src/net/http/server.go:3454 +0x485
LOG: 2025/07/11 15:24:12 http: panic serving 127.0.0.1:60246: runtime error: invalid memory address or nil pointer dereference
goroutine 19 [running]:
net/http.(*conn).serve.func1()
	/home/deck/Desktop/go/src/net/http/server.go:1947 +0xbe
panic({0x6c6280?, 0x9846f0?})
	/home/deck/Desktop/go/src/runtime/panic.go:792 +0x132
io.ReadAll({0x0, 0x0})
	/home/deck/Desktop/go/src/io/io.go:712 +0x4d
github.com/Yandex-Practicum/go1fl-sprint6-final/internal/handlers.PostUpload({0x78c4a8, 0xc00022e000}, 0xc000210280)
	/home/deck/Desktop/study_go/Yandex/go1fl-sprint6-final-tpl/internal/handlers/handlers.go:64 +0x3e6
net/http.HandlerFunc.ServeHTTP(0xc000232000?, {0x78c4a8?, 0xc00022e000?}, 0xc000214005?)
	/home/deck/Desktop/go/src/net/http/server.go:2294 +0x29
github.com/go-chi/chi/v5.(*Mux).routeHTTP(0xc00007e300, {0x78c4a8, 0xc00022e000}, 0xc000210280)
	/home/deck/Desktop/go_projects/pkg/mod/github.com/go-chi/chi/v5@v5.2.2/mux.go:478 +0x2e2
net/http.HandlerFunc.ServeHTTP(0x78c928?, {0x78c4a8?, 0xc00022e000?}, 0x984570?)
	/home/deck/Desktop/go/src/net/http/server.go:2294 +0x29
github.com/go-chi/chi/v5.(*Mux).ServeHTTP(0xc00007e300, {0x78c4a8, 0xc00022e000}, 0xc000210000)
	/home/deck/Desktop/go_projects/pkg/mod/github.com/go-chi/chi/v5@v5.2.2/mux.go:90 +0x2ee
net/http.serverHandler.ServeHTTP({0x78b3a0?}, {0x78c4a8?, 0xc00022e000?}, 0x6?)
	/home/deck/Desktop/go/src/net/http/server.go:3301 +0x8e
net/http.(*conn).serve(0xc000128240, {0x78c8f0, 0xc000097320})
	/home/deck/Desktop/go/src/net/http/server.go:2102 +0x625
created by net/http.(*Server).Serve in goroutine 7
	/home/deck/Desktop/go/src/net/http/server.go:3454 +0x485
LOG: 2025/07/11 15:24:41 uploaded file converted -> conversion result 2025-07-11 12:24:41
